Archive member included to satisfy reference by file (symbol)

e:/program files/7.0/toolchain/avr8/avr8-gnu-toolchain/bin/../lib/gcc/avr/5.4.0/../../../../avr/lib/avr5\libm.a(addsf3.o)
                              HAL/Servo/Servo.o (__addsf3)
e:/program files/7.0/toolchain/avr8/avr8-gnu-toolchain/bin/../lib/gcc/avr/5.4.0/../../../../avr/lib/avr5\libm.a(addsf3x.o)
                              e:/program files/7.0/toolchain/avr8/avr8-gnu-toolchain/bin/../lib/gcc/avr/5.4.0/../../../../avr/lib/avr5\libm.a(addsf3.o) (__addsf3x)
e:/program files/7.0/toolchain/avr8/avr8-gnu-toolchain/bin/../lib/gcc/avr/5.4.0/../../../../avr/lib/avr5\libm.a(divsf3.o)
                              HAL/Servo/Servo.o (__divsf3)
e:/program files/7.0/toolchain/avr8/avr8-gnu-toolchain/bin/../lib/gcc/avr/5.4.0/../../../../avr/lib/avr5\libm.a(divsf3x.o)
                              e:/program files/7.0/toolchain/avr8/avr8-gnu-toolchain/bin/../lib/gcc/avr/5.4.0/../../../../avr/lib/avr5\libm.a(divsf3.o) (__divsf3x)
e:/program files/7.0/toolchain/avr8/avr8-gnu-toolchain/bin/../lib/gcc/avr/5.4.0/../../../../avr/lib/avr5\libm.a(fixunssfsi.o)
                              MCAL/Timer0/Timer0.o (__fixunssfsi)
e:/program files/7.0/toolchain/avr8/avr8-gnu-toolchain/bin/../lib/gcc/avr/5.4.0/../../../../avr/lib/avr5\libm.a(floatsisf.o)
                              MCAL/Timer0/Timer0.o (__floatunsisf)
e:/program files/7.0/toolchain/avr8/avr8-gnu-toolchain/bin/../lib/gcc/avr/5.4.0/../../../../avr/lib/avr5\libm.a(fp_inf.o)
                              e:/program files/7.0/toolchain/avr8/avr8-gnu-toolchain/bin/../lib/gcc/avr/5.4.0/../../../../avr/lib/avr5\libm.a(addsf3x.o) (__fp_inf)
e:/program files/7.0/toolchain/avr8/avr8-gnu-toolchain/bin/../lib/gcc/avr/5.4.0/../../../../avr/lib/avr5\libm.a(fp_nan.o)
                              e:/program files/7.0/toolchain/avr8/avr8-gnu-toolchain/bin/../lib/gcc/avr/5.4.0/../../../../avr/lib/avr5\libm.a(addsf3x.o) (__fp_nan)
e:/program files/7.0/toolchain/avr8/avr8-gnu-toolchain/bin/../lib/gcc/avr/5.4.0/../../../../avr/lib/avr5\libm.a(fp_pscA.o)
                              e:/program files/7.0/toolchain/avr8/avr8-gnu-toolchain/bin/../lib/gcc/avr/5.4.0/../../../../avr/lib/avr5\libm.a(addsf3x.o) (__fp_pscA)
e:/program files/7.0/toolchain/avr8/avr8-gnu-toolchain/bin/../lib/gcc/avr/5.4.0/../../../../avr/lib/avr5\libm.a(fp_pscB.o)
                              e:/program files/7.0/toolchain/avr8/avr8-gnu-toolchain/bin/../lib/gcc/avr/5.4.0/../../../../avr/lib/avr5\libm.a(addsf3x.o) (__fp_pscB)
e:/program files/7.0/toolchain/avr8/avr8-gnu-toolchain/bin/../lib/gcc/avr/5.4.0/../../../../avr/lib/avr5\libm.a(fp_round.o)
                              e:/program files/7.0/toolchain/avr8/avr8-gnu-toolchain/bin/../lib/gcc/avr/5.4.0/../../../../avr/lib/avr5\libm.a(addsf3.o) (__fp_round)
e:/program files/7.0/toolchain/avr8/avr8-gnu-toolchain/bin/../lib/gcc/avr/5.4.0/../../../../avr/lib/avr5\libm.a(fp_split3.o)
                              e:/program files/7.0/toolchain/avr8/avr8-gnu-toolchain/bin/../lib/gcc/avr/5.4.0/../../../../avr/lib/avr5\libm.a(addsf3x.o) (__fp_split3)
e:/program files/7.0/toolchain/avr8/avr8-gnu-toolchain/bin/../lib/gcc/avr/5.4.0/../../../../avr/lib/avr5\libm.a(fp_zero.o)
                              e:/program files/7.0/toolchain/avr8/avr8-gnu-toolchain/bin/../lib/gcc/avr/5.4.0/../../../../avr/lib/avr5\libm.a(addsf3x.o) (__fp_zero)
e:/program files/7.0/toolchain/avr8/avr8-gnu-toolchain/bin/../lib/gcc/avr/5.4.0/../../../../avr/lib/avr5\libm.a(mulsf3.o)
                              HAL/Servo/Servo.o (__mulsf3)
e:/program files/7.0/toolchain/avr8/avr8-gnu-toolchain/bin/../lib/gcc/avr/5.4.0/../../../../avr/lib/avr5\libm.a(mulsf3x.o)
                              e:/program files/7.0/toolchain/avr8/avr8-gnu-toolchain/bin/../lib/gcc/avr/5.4.0/../../../../avr/lib/avr5\libm.a(mulsf3.o) (__mulsf3x)
e:/program files/7.0/toolchain/avr8/avr8-gnu-toolchain/bin/../lib/gcc/avr/5.4.0/avr5\libgcc.a(_udivmodhi4.o)
                              UTIL/FreeRTOSTest/OS/src/queue.o (__udivmodhi4)
e:/program files/7.0/toolchain/avr8/avr8-gnu-toolchain/bin/../lib/gcc/avr/5.4.0/avr5\libgcc.a(_exit.o)
                              E:/Program Files/7.0/Packs/atmel/ATmega_DFP/1.7.374/gcc/dev/atmega32/avr5/crtatmega32.o (exit)
e:/program files/7.0/toolchain/avr8/avr8-gnu-toolchain/bin/../lib/gcc/avr/5.4.0/avr5\libgcc.a(_copy_data.o)
                              APP/App.o (__do_copy_data)
e:/program files/7.0/toolchain/avr8/avr8-gnu-toolchain/bin/../lib/gcc/avr/5.4.0/avr5\libgcc.a(_clear_bss.o)
                              HAL/KeyPad/KeyPad.o (__do_clear_bss)
e:/program files/7.0/toolchain/avr8/avr8-gnu-toolchain/bin/../lib/gcc/avr/5.4.0/avr5\libgcc.a(_umulhisi3.o)
                              HAL/SevenSEG/TestApp.o (__umulhisi3)
e:/program files/7.0/toolchain/avr8/avr8-gnu-toolchain/bin/../lib/gcc/avr/5.4.0/../../../../avr/lib/avr5\libc.a(malloc.o)
                              UTIL/Stack/Stack.o (malloc)
[...]
Memory Configuration

Name             Origin             Length             Attributes
text             0x00000000         0x00008000         xr
data             0x00800060         0x00000800         rw !x
eeprom           0x00810000         0x00000400         rw !x
fuse             0x00820000         0x00000002         rw !x
lock             0x00830000         0x00000400         rw !x
signature        0x00840000         0x00000400         rw !x
user_signatures  0x00850000         0x00000400         rw !x
*default*        0x00000000         0xffffffff

Linker script and memory map

LOAD E:/Program Files/7.0/Packs/atmel/ATmega_DFP/1.7.374/gcc/dev/atmega32/avr5/crtatmega32.o
LOAD APP/App.o
LOAD HAL/Buzzer/Buzzer.o
LOAD HAL/Dc_Motor/DC_Motor.o
LOAD HAL/EEPROM/EEPROM.o
LOAD HAL/EEPROM/Testapp.o
LOAD HAL/IR_Sensor/IR.o
LOAD HAL/IR_Sensor/Line.o
LOAD HAL/KeyPad/KeyPad.o
LOAD HAL/KeyPad/TestApp.o
LOAD HAL/LCD/LCD.o
LOAD HAL/LCD/TestApp.o
LOAD HAL/Servo/Servo.o
LOAD HAL/Servo/Testapp.o
LOAD HAL/SevenSEG/SevenSEG.o
LOAD HAL/LED/LED.o
LOAD HAL/PushButton/PushButton.o
LOAD HAL/SevenSEG/TestApp.o
LOAD main.o
LOAD MCAL/ADC/ADC.o
LOAD MCAL/ADC/TestApp.o
LOAD MCAL/ADC/TestApp2.o
LOAD MCAL/DIO/DIO.o
LOAD MCAL/EXT_INT/EXT_INT.o
LOAD MCAL/EXT_INT/TestApp.o
LOAD MCAL/Global_INT/Global_INT.o
LOAD MCAL/SPI/SPI.o
LOAD MCAL/SPI/TestAPP.o
LOAD MCAL/SPI/TestApp_Slave.o
LOAD MCAL/Timer0/TestApp.o
LOAD MCAL/Timer0/TestPWM.o
LOAD MCAL/Timer0/Timer0.o
LOAD MCAL/Timer1/Timer1.o
LOAD MCAL/TWI/TestApp.o
LOAD MCAL/TWI/TWI.o
LOAD MCAL/UART/TestApp.o
LOAD MCAL/UART/UART.o
LOAD MCAL/WatchdogTimer/WDT.o
LOAD UTIL/Algorithims/Algo.o
LOAD UTIL/FreeRTOSTest/OS/src/croutine.o
LOAD UTIL/FreeRTOSTest/OS/src/event_groups.o
LOAD UTIL/FreeRTOSTest/OS/src/heap_1.o
LOAD UTIL/FreeRTOSTest/OS/src/list.o
LOAD UTIL/FreeRTOSTest/OS/src/port.o
LOAD UTIL/FreeRTOSTest/OS/src/queue.o
LOAD UTIL/FreeRTOSTest/OS/src/stream_buffer.o
LOAD UTIL/FreeRTOSTest/OS/src/tasks.o
LOAD UTIL/FreeRTOSTest/OS/src/timers.o
LOAD UTIL/FreeRTOSTest/TestApp.o
LOAD UTIL/RTO/RTO.o
LOAD UTIL/RTO/testapp.o
LOAD UTIL/Stack/Stack.o
START GROUP
LOAD e:/program files/7.0/toolchain/avr8/avr8-gnu-toolchain/bin/../lib/gcc/avr/5.4.0/../../../../avr/lib/avr5\libm.a
END GROUP
START GROUP
LOAD e:/program files/7.0/toolchain/avr8/avr8-gnu-toolchain/bin/../lib/gcc/avr/5.4.0/avr5\libgcc.a
LOAD e:/program files/7.0/toolchain/avr8/avr8-gnu-toolchain/bin/../lib/gcc/avr/5.4.0/../../../../avr/lib/avr5\libm.a
LOAD e:/program files/7.0/toolchain/avr8/avr8-gnu-toolchain/bin/../lib/gcc/avr/5.4.0/../../../../avr/lib/avr5\libc.a
LOAD E:/Program Files/7.0/Packs/atmel/ATmega_DFP/1.7.374/gcc/dev/atmega32/avr5\libatmega32.a
END GROUP
                0x00000000                __TEXT_REGION_ORIGIN__ = DEFINED (__TEXT_REGION_ORIGIN__)?__TEXT_REGION_ORIGIN__:0x0
                [0x00800060]                __DATA_REGION_ORIGIN__ = DEFINED (__DATA_REGION_ORIGIN__)?__DATA_REGION_ORIGIN__:0x800060
                [0x00008000]                __TEXT_REGION_LENGTH__ = DEFINED (__TEXT_REGION_LENGTH__)?__TEXT_REGION_LENGTH__:0x20000
                [0x00000800]                __DATA_REGION_LENGTH__ = DEFINED (__DATA_REGION_LENGTH__)?__DATA_REGION_LENGTH__:0xffa0
                [0x00000400]                __EEPROM_REGION_LENGTH__ = DEFINED (__EEPROM_REGION_LENGTH__)?__EEPROM_REGION_LENGTH__:0x10000
                [0x00000002]                __FUSE_REGION_LENGTH__ = DEFINED (__FUSE_REGION_LENGTH__)?__FUSE_REGION_LENGTH__:0x400
                0x00000400                __LOCK_REGION_LENGTH__ = DEFINED (__LOCK_REGION_LENGTH__)?__LOCK_REGION_LENGTH__:0x400
                0x00000400                __SIGNATURE_REGION_LENGTH__ = DEFINED (__SIGNATURE_REGION_LENGTH__)?__SIGNATURE_REGION_LENGTH__:0x400
                0x00000400                __USER_SIGNATURE_REGION_LENGTH__ = DEFINED (__USER_SIGNATURE_REGION_LENGTH__)?__USER_SIGNATURE_REGION_LENGTH__:0x400

.hash
 *(.hash)

.dynsym
 *(.dynsym)

.dynstr
 *(.dynstr)

.gnu.version
 *(.gnu.version)

.gnu.version_d
 *(.gnu.version_d)

.gnu.version_r
 *(.gnu.version_r)

.rel.init
 *(.rel.init)

.rela.init
 *(.rela.init)

.rel.text
 *(.rel.text)
 *(.rel.text.*)
 *(.rel.gnu.linkonce.t*)

.rela.text
 *(.rela.text)
 *(.rela.text.*)
 *(.rela.gnu.linkonce.t*)

.rel.fini
 *(.rel.fini)

.rela.fini
 *(.rela.fini)

.rel.rodata
 *(.rel.rodata)
 *(.rel.rodata.*)
 *(.rel.gnu.linkonce.r*)

.rela.rodata
 *(.rela.rodata)
 *(.rela.rodata.*)
 *(.rela.gnu.linkonce.r*)

.rel.data
 *(.rel.data)
 *(.rel.data.*)
 *(.rel.gnu.linkonce.d*)

.rela.data
 *(.rela.data)
 *(.rela.data.*)
 *(.rela.gnu.linkonce.d*)

.rel.ctors
 *(.rel.ctors)

.rela.ctors
 *(.rela.ctors)

.rel.dtors
 *(.rel.dtors)

.rela.dtors
 *(.rela.dtors)

.rel.got
 *(.rel.got)

.rela.got
 *(.rela.got)

.rel.bss
 *(.rel.bss)

.rela.bss
 *(.rela.bss)

.rel.plt
 *(.rel.plt)

.rela.plt
 *(.rela.plt)

.text           0x00000000     0x1e80
 *(.vectors)
 .vectors       0x00000000       0x54 E:/Program Files/7.0/Packs/atmel/ATmega_DFP/1.7.374/gcc/dev/atmega32/avr5/crtatmega32.o
                0x00000000                __vector_default
                0x00000000                __vectors
 *(.vectors)
 *(.progmem.gcc*)
                0x00000054                . = ALIGN (0x2)
                0x00000054                __trampolines_start = .
 *(.trampolines)
 .trampolines   0x00000054        0x0 linker stubs
 *(.trampolines*)
                0x00000054                __trampolines_end = .
 *libprintf_flt.a:*(.progmem.data)
 *libc.a:*(.progmem.data)
 *(.progmem*)
                0x00000054                . = ALIGN (0x2)
 *(.jumptables)
 *(.jumptables*)
 *(.lowtext)
 *(.lowtext*)
                0x00000054                __ctors_start = .
 *(.ctors)
                0x00000054                __ctors_end = .
                0x00000054                __dtors_start = .
 *(.dtors)
                0x00000054                __dtors_end = .
 SORT(*)(.ctors)
 SORT(*)(.dtors)
 *(.init0)
 .init0         0x00000054        0x0 E:/Program Files/7.0/Packs/atmel/ATmega_DFP/1.7.374/gcc/dev/atmega32/avr5/crtatmega32.o
                0x00000054                __init
 *(.init0)
 *(.init1)
 *(.init1)
 *(.init2)
 .init2         0x00000054        0xc E:/Program Files/7.0/Packs/atmel/ATmega_DFP/1.7.374/gcc/dev/atmega32/avr5/crtatmega32.o
 *(.init2)
 *(.init3)
 *(.init3)
 *(.init4)
 .init4         0x00000060       0x16 e:/program files/7.0/toolchain/avr8/avr8-gnu-toolchain/bin/../lib/gcc/avr/5.4.0/avr5\libgcc.a(_copy_data.o)
                0x00000060                __do_copy_data
 .init4         0x00000076       0x10 e:/program files/7.0/toolchain/avr8/avr8-gnu-toolchain/bin/../lib/gcc/avr/5.4.0/avr5\libgcc.a(_clear_bss.o)
                0x00000076                __do_clear_bss
 *(.init4)
 *(.init5)
 *(.init5)
 *(.init6)
 *(.init6)
 *(.init7)
 *(.init7)
 *(.init8)
 *(.init8)
 *(.init9)
 .init9         0x00000086        0x8 E:/Program Files/7.0/Packs/atmel/ATmega_DFP/1.7.374/gcc/dev/atmega32/avr5/crtatmega32.o
 *(.init9)
 *(.text)
 .text          0x0000008e        0x4 E:/Program Files/7.0/Packs/atmel/ATmega_DFP/1.7.374/gcc/dev/atmega32/avr5/crtatmega32.o
                0x0000008e                __vector_12
                0x0000008e                __bad_interrupt
                0x0000008e                __vector_11
                0x0000008e                __vector_17
                0x0000008e                __vector_19
                0x0000008e                __vector_5
                0x0000008e                __vector_4
                0x0000008e                __vector_18
                0x0000008e                __vector_20
                0x00000092                . = ALIGN (0x2)
 *(.text.*)
 .text.LCD_SendData
                0x00000092      0x102 HAL/LCD/LCD.o
                0x00000092                LCD_SendData
 .text.LCD_SendInstruction
                0x00000194      0x10a HAL/LCD/LCD.o
                0x00000194                LCD_SendInstruction
 .text.LCD_Init
                0x0000029e       0xe4 HAL/LCD/LCD.o
                0x0000029e                LCD_Init
 .text.LCD_Print
                0x00000382       0x1a HAL/LCD/LCD.o
                0x00000382                LCD_Print
 .text.main     0x0000039c        0xa main.o
                0x0000039c                main
 .text.__vector_16
                0x000003a6       0x52 MCAL/ADC/ADC.o
                0x000003a6                __vector_16
 .text.DIO_SetPinDirection
                0x000003f8       0xec MCAL/DIO/DIO.o
                0x000003f8                DIO_SetPinDirection
 .text.DIO_SetPinValue
                0x000004e4       0xec MCAL/DIO/DIO.o
                0x000004e4                DIO_SetPinValue
 .text.__vector_1
                0x000005d0       0x52 MCAL/EXT_INT/EXT_INT.o
                0x000005d0                __vector_1
 .text.__vector_2
                0x00000622       0x52 MCAL/EXT_INT/EXT_INT.o
                0x00000622                __vector_2
 .text.__vector_3
                0x00000674       0x52 MCAL/EXT_INT/EXT_INT.o
                0x00000674                __vector_3
 .text.__vector_10
                0x000006c6       0x70 MCAL/Timer0/Timer0.o
                0x000006c6                __vector_10
 .text.__vector_9
                0x00000736       0x52 MCAL/Timer1/Timer1.o
                0x00000736                __vector_9
 .text.__vector_8
                0x00000788       0x52 MCAL/Timer1/Timer1.o
                0x00000788                __vector_8
 .text.__vector_6
                0x000007da       0x52 MCAL/Timer1/Timer1.o
                0x000007da                __vector_6
 .text.UART_InterruptDisable
                0x0000082c       0x24 MCAL/UART/UART.o
                0x0000082c                UART_InterruptDisable
 .text.__vector_13
                0x00000850       0x40 MCAL/UART/UART.o
                0x00000850                __vector_13
 .text.__vector_14
                0x00000890       0x78 MCAL/UART/UART.o
                0x00000890                __vector_14
 .text.__vector_15
                0x00000908       0x14 MCAL/UART/UART.o
                0x00000908                __vector_15
 .text.pvPortMalloc
                0x0000091c       0x74 UTIL/FreeRTOSTest/OS/src/heap_1.o
                0x0000091c                pvPortMalloc
 .text.vPortFree
                0x00000990        0x2 UTIL/FreeRTOSTest/OS/src/heap_1.o
                0x00000990                vPortFree
 .text.vListInitialise
                0x00000992       0x1c UTIL/FreeRTOSTest/OS/src/list.o
                0x00000992                vListInitialise
 .text.vListInitialiseItem
                0x000009ae        0x8 UTIL/FreeRTOSTest/OS/src/list.o
                0x000009ae                vListInitialiseItem
 .text.vListInsert
                0x000009b6       0x62 UTIL/FreeRTOSTest/OS/src/list.o
                0x000009b6                vListInsert
 .text.uxListRemove
                0x00000a18       0x4e UTIL/FreeRTOSTest/OS/src/list.o
                0x00000a18                uxListRemove
 .text.prvSetupTimerInterrupt
                0x00000a66       0x10 UTIL/FreeRTOSTest/OS/src/port.o
 .text.pxPortInitialiseStack
                0x00000a76       0xd8 UTIL/FreeRTOSTest/OS/src/port.o
                0x00000a76                pxPortInitialiseStack
 .text.xPortStartScheduler
                0x00000b4e       0x5e UTIL/FreeRTOSTest/OS/src/port.o
                0x00000b4e                xPortStartScheduler
 .text.vPortYield
                0x00000bac       0xb2 UTIL/FreeRTOSTest/OS/src/port.o
                0x00000bac                vPortYield
 .text.vPortYieldFromTick
                0x00000c5e       0xb8 UTIL/FreeRTOSTest/OS/src/port.o
                0x00000c5e                vPortYieldFromTick
 .text.__vector_7
                0x00000d16        0x6 UTIL/FreeRTOSTest/OS/src/port.o
                0x00000d16                __vector_7
 .text.prvIsQueueEmpty
                0x00000d1c       0x1a UTIL/FreeRTOSTest/OS/src/queue.o
 .text.prvIsQueueFull
                0x00000d36       0x1c UTIL/FreeRTOSTest/OS/src/queue.o
 .text.prvCopyDataToQueue
                0x00000d52       0x92 UTIL/FreeRTOSTest/OS/src/queue.o
 .text.prvUnlockQueue
                0x00000de4       0x68 UTIL/FreeRTOSTest/OS/src/queue.o
 .text.xQueueGenericReset
                0x00000e4c       0xc0 UTIL/FreeRTOSTest/OS/src/queue.o
                0x00000e4c                xQueueGenericReset
 .text.prvInitialiseNewQueue
                0x00000f0c       0x26 UTIL/FreeRTOSTest/OS/src/queue.o
 .text.xQueueGenericCreate
                0x00000f32       0x82 UTIL/FreeRTOSTest/OS/src/queue.o
                0x00000f32                xQueueGenericCreate
 .text.xQueueGenericSend
                0x00000fb4      0x124 UTIL/FreeRTOSTest/OS/src/queue.o
                0x00000fb4                xQueueGenericSend
 .text.xQueueSemaphoreTake
                0x000010d8      0x106 UTIL/FreeRTOSTest/OS/src/queue.o
                0x000010d8                xQueueSemaphoreTake
 .text.prvResetNextTaskUnblockTime
                0x000011de       0x38 UTIL/FreeRTOSTest/OS/src/tasks.o
 .text.prvDeleteTCB
                0x00001216       0x1a UTIL/FreeRTOSTest/OS/src/tasks.o
 .text.prvInitialiseNewTask
                0x00001230       0xfc UTIL/FreeRTOSTest/OS/src/tasks.o
 .text.prvInitialiseTaskLists
                0x0000132c       0x66 UTIL/FreeRTOSTest/OS/src/tasks.o
 .text.prvAddNewTaskToReadyList
                0x00001392       0xfa UTIL/FreeRTOSTest/OS/src/tasks.o
 .text.prvCheckTasksWaitingTermination
                0x0000148c       0x4c UTIL/FreeRTOSTest/OS/src/tasks.o
 .text.prvIdleTask
                0x000014d8       0x12 UTIL/FreeRTOSTest/OS/src/tasks.o
 .text.prvAddCurrentTaskToDelayedList
                0x000014ea       0x88 UTIL/FreeRTOSTest/OS/src/tasks.o
 .text.xTaskCreate
                0x00001572       0xa8 UTIL/FreeRTOSTest/OS/src/tasks.o
                0x00001572                xTaskCreate
 .text.vTaskStartScheduler
                0x0000161a       0x58 UTIL/FreeRTOSTest/OS/src/tasks.o
                0x0000161a                vTaskStartScheduler
 .text.vTaskSuspendAll
                0x00001672        0xc UTIL/FreeRTOSTest/OS/src/tasks.o
                0x00001672                vTaskSuspendAll
 .text.xTaskIncrementTick
                0x0000167e      0x234 UTIL/FreeRTOSTest/OS/src/tasks.o
                0x0000167e                xTaskIncrementTick
 .text.xTaskResumeAll
                0x000018b2      0x1aa UTIL/FreeRTOSTest/OS/src/tasks.o
                0x000018b2                xTaskResumeAll
 .text.vTaskDelay
                0x00001a5c       0x2c UTIL/FreeRTOSTest/OS/src/tasks.o
                0x00001a5c                vTaskDelay
 .text.vTaskSwitchContext
                0x00001a88       0xa8 UTIL/FreeRTOSTest/OS/src/tasks.o
                0x00001a88                vTaskSwitchContext
 .text.vTaskPlaceOnEventList
                0x00001b30       0x24 UTIL/FreeRTOSTest/OS/src/tasks.o
                0x00001b30                vTaskPlaceOnEventList
 .text.xTaskRemoveFromEventList
                0x00001b54      0x17a UTIL/FreeRTOSTest/OS/src/tasks.o
                0x00001b54                xTaskRemoveFromEventList
 .text.vTaskInternalSetTimeOutState
                0x00001cce       0x16 UTIL/FreeRTOSTest/OS/src/tasks.o
                0x00001cce                vTaskInternalSetTimeOutState
 .text.xTaskCheckForTimeOut
                0x00001ce4       0x64 UTIL/FreeRTOSTest/OS/src/tasks.o
                0x00001ce4                xTaskCheckForTimeOut
 .text.vTaskMissedYield
                0x00001d48        0x8 UTIL/FreeRTOSTest/OS/src/tasks.o
                0x00001d48                vTaskMissedYield
 .text.LCD_1    0x00001d50       0x3c UTIL/FreeRTOSTest/TestApp.o
                0x00001d50                LCD_1
 .text.LCD_2    0x00001d8c       0x3c UTIL/FreeRTOSTest/TestApp.o
                0x00001d8c                LCD_2
 .text.RTOS_test
                0x00001dc8       0x7a UTIL/FreeRTOSTest/TestApp.o
                0x00001dc8                RTOS_test
 .text.libgcc.div
                0x00001e42       0x28 e:/program files/7.0/toolchain/avr8/avr8-gnu-toolchain/bin/../lib/gcc/avr/5.4.0/avr5\libgcc.a(_udivmodhi4.o)
                0x00001e42                __udivmodhi4
 .text.avr-libc
                0x00001e6a       0x12 e:/program files/7.0/toolchain/avr8/avr8-gnu-toolchain/bin/../lib/gcc/avr/5.4.0/../../../../avr/lib/avr5\libc.a(memcpy.o)
                0x00001e6a                memcpy
                0x00001e7c                . = ALIGN (0x2)
 *(.fini9)
 .fini9         0x00001e7c        0x0 e:/program files/7.0/toolchain/avr8/avr8-gnu-toolchain/bin/../lib/gcc/avr/5.4.0/avr5\libgcc.a(_exit.o)
                0x00001e7c                _exit
                0x00001e7c                exit
 *(.fini9)
 *(.fini8)
 *(.fini8)
 *(.fini7)
 *(.fini7)
 *(.fini6)
 *(.fini6)
 *(.fini5)
 *(.fini5)
 *(.fini4)
 *(.fini4)
 *(.fini3)
 *(.fini3)
 *(.fini2)
 *(.fini2)
 *(.fini1)
 *(.fini1)
 *(.fini0)
 .fini0         0x00001e7c        0x4 e:/program files/7.0/toolchain/avr8/avr8-gnu-toolchain/bin/../lib/gcc/avr/5.4.0/avr5\libgcc.a(_exit.o)
 *(.fini0)
                0x00001e80                _etext = .

.data           0x00800060       0x1c load address 0x00001e80
                0x00800060                PROVIDE (__data_start, .)
 *(.data)
 *(.data*)
 .data.uxTopUsedPriority
                0x00800060        0x1 UTIL/FreeRTOSTest/OS/src/tasks.o
                0x00800060                uxTopUsedPriority
 *(.gnu.linkonce.d*)
 *(.rodata)
 *(.rodata*)
 .rodata.str1.1
                0x00800061        0x5 UTIL/FreeRTOSTest/OS/src/tasks.o
 .rodata.str1.1
                0x00800066       0x16 UTIL/FreeRTOSTest/TestApp.o
 *(.gnu.linkonce.r*)
                0x0080007c                . = ALIGN (0x2)
                0x0080007c                _edata = .
                0x0080007c                PROVIDE (__data_end, .)

.bss            0x0080007c      0x726
                0x0080007c                PROVIDE (__bss_start, .)
 *(.bss)
 *(.bss*)
 .bss.D7        0x0080007c        0x1 HAL/LCD/LCD.o
 .bss.D6        0x0080007d        0x1 HAL/LCD/LCD.o
 .bss.D5        0x0080007e        0x1 HAL/LCD/LCD.o
 .bss.D4        0x0080007f        0x1 HAL/LCD/LCD.o
 .bss.E         0x00800080        0x1 HAL/LCD/LCD.o
 .bss.RS        0x00800081        0x1 HAL/LCD/LCD.o
 .bss.LCD_Control
                0x00800082        0x1 HAL/LCD/LCD.o
 .bss.LCD_Data  0x00800083        0x1 HAL/LCD/LCD.o
 .bss.initdone  0x00800084        0x1 HAL/LCD/LCD.o
 .bss.CallBackPtr
                0x00800085        0x2 MCAL/ADC/ADC.o
 .bss.CallBackPtr2
                0x00800087        0x2 MCAL/EXT_INT/EXT_INT.o
                0x00800087                CallBackPtr2
 .bss.CallBackPtr1
                0x00800089        0x2 MCAL/EXT_INT/EXT_INT.o
                0x00800089                CallBackPtr1
 .bss.CallBackPtr0
                0x0080008b        0x2 MCAL/EXT_INT/EXT_INT.o
                0x0080008b                CallBackPtr0
 .bss.counter.1786
                0x0080008d        0x2 MCAL/Timer0/Timer0.o
 .bss.TIMER0_CTCCallBackPointer
                0x0080008f        0x2 MCAL/Timer0/Timer0.o
 .bss.GPFunc_IC
                0x00800091        0x2 MCAL/Timer1/Timer1.o
 .bss.GPFunc_OCB
                0x00800093        0x2 MCAL/Timer1/Timer1.o
 .bss.GPFunc_OF
                0x00800095        0x2 MCAL/Timer1/Timer1.o
 .bss.Tx_Msg_Length
                0x00800097        0x1 MCAL/UART/UART.o
 .bss.Tx_Msg_Index
                0x00800098        0x1 MCAL/UART/UART.o
 .bss.Rx_Msg_Length
                0x00800099        0x1 MCAL/UART/UART.o
 .bss.Tx_Buffer
                0x0080009a       0x64 MCAL/UART/UART.o
 .bss.Rx_Buffer
                0x008000fe       0x64 MCAL/UART/UART.o
 .bss.pucAlignedHeap.2107
                0x00800162        0x2 UTIL/FreeRTOSTest/OS/src/heap_1.o
 .bss.xNextFreeByte
                0x00800164        0x2 UTIL/FreeRTOSTest/OS/src/heap_1.o
 .bss.ucHeap    0x00800166      0x5dc UTIL/FreeRTOSTest/OS/src/heap_1.o
 .bss.uxSchedulerSuspended
                0x00800742        0x1 UTIL/FreeRTOSTest/OS/src/tasks.o
 .bss.xIdleTaskHandle
                0x00800743        0x2 UTIL/FreeRTOSTest/OS/src/tasks.o
 .bss.xNextTaskUnblockTime
                0x00800745        0x2 UTIL/FreeRTOSTest/OS/src/tasks.o
 .bss.uxTaskNumber
                0x00800747        0x1 UTIL/FreeRTOSTest/OS/src/tasks.o
 .bss.xNumOfOverflows
                0x00800748        0x1 UTIL/FreeRTOSTest/OS/src/tasks.o
 .bss.xYieldPending
                0x00800749        0x1 UTIL/FreeRTOSTest/OS/src/tasks.o
 .bss.xPendedTicks
                0x0080074a        0x2 UTIL/FreeRTOSTest/OS/src/tasks.o
 .bss.xSchedulerRunning
                0x0080074c        0x1 UTIL/FreeRTOSTest/OS/src/tasks.o
 .bss.uxTopReadyPriority
                0x0080074d        0x1 UTIL/FreeRTOSTest/OS/src/tasks.o
 .bss.xTickCount
                0x0080074e        0x2 UTIL/FreeRTOSTest/OS/src/tasks.o
 .bss.uxCurrentNumberOfTasks
                0x00800750        0x1 UTIL/FreeRTOSTest/OS/src/tasks.o
 .bss.uxDeletedTasksWaitingCleanUp
                0x00800751        0x1 UTIL/FreeRTOSTest/OS/src/tasks.o
 .bss.xTasksWaitingTermination
                0x00800752        0x9 UTIL/FreeRTOSTest/OS/src/tasks.o
 .bss.xPendingReadyList
                0x0080075b        0x9 UTIL/FreeRTOSTest/OS/src/tasks.o
 .bss.pxOverflowDelayedTaskList
                0x00800764        0x2 UTIL/FreeRTOSTest/OS/src/tasks.o
 .bss.pxDelayedTaskList
                0x00800766        0x2 UTIL/FreeRTOSTest/OS/src/tasks.o
 .bss.xDelayedTaskList2
                0x00800768        0x9 UTIL/FreeRTOSTest/OS/src/tasks.o
 .bss.xDelayedTaskList1
                0x00800771        0x9 UTIL/FreeRTOSTest/OS/src/tasks.o
 .bss.pxReadyTasksLists
                0x0080077a       0x24 UTIL/FreeRTOSTest/OS/src/tasks.o
 .bss.pxCurrentTCB
                0x0080079e        0x2 UTIL/FreeRTOSTest/OS/src/tasks.o
                0x0080079e                pxCurrentTCB
 *(COMMON)
 COMMON         0x008007a0        0x2 UTIL/FreeRTOSTest/TestApp.o
                0x008007a0                LCD_Semp
                0x008007a2                PROVIDE (__bss_end, .)
                0x00001e80                __data_load_start = LOADADDR (.data)
                0x00001e9c                __data_load_end = (__data_load_start + SIZEOF (.data))

.noinit         0x008007a2        0x0
                [!provide]                PROVIDE (__noinit_start, .)
 *(.noinit*)
                [!provide]                PROVIDE (__noinit_end, .)
                0x008007a2                _end = .
                0x008007a2                PROVIDE (__heap_start, .)

.eeprom         0x00810000        0x0
 *(.eeprom*)
                0x00810000                __eeprom_end = .

.fuse
 *(.fuse)
 *(.lfuse)
 *(.hfuse)
 *(.efuse)

.lock
 *(.lock*)

.signature
 *(.signature*)

.user_signatures
 *(.user_signatures*)

.stab
 *(.stab)

.stabstr
 *(.stabstr)

.stab.excl
 *(.stab.excl)

.stab.exclstr
 *(.stab.exclstr)

.stab.index
 *(.stab.index)

.stab.indexstr
 *(.stab.indexstr)

.comment        0x00000000       0x30
 *(.comment)
 .comment       0x00000000       0x30 HAL/LCD/LCD.o
                                 0x31 (size before relaxing)
 .comment       0x00000030       0x31 main.o
 .comment       0x00000030       0x31 MCAL/ADC/ADC.o
 .comment       0x00000030       0x31 MCAL/DIO/DIO.o
 .comment       0x00000030       0x31 MCAL/EXT_INT/EXT_INT.o
 .comment       0x00000030       0x31 MCAL/Timer0/Timer0.o
 .comment       0x00000030       0x31 MCAL/Timer1/Timer1.o
 .comment       0x00000030       0x31 MCAL/UART/UART.o
 .comment       0x00000030       0x31 UTIL/FreeRTOSTest/OS/src/heap_1.o
 .comment       0x00000030       0x31 UTIL/FreeRTOSTest/OS/src/list.o
 .comment       0x00000030       0x31 UTIL/FreeRTOSTest/OS/src/port.o
 .comment       0x00000030       0x31 UTIL/FreeRTOSTest/OS/src/queue.o
 .comment       0x00000030       0x31 UTIL/FreeRTOSTest/OS/src/tasks.o
 .comment       0x00000030       0x31 UTIL/FreeRTOSTest/TestApp.o

.note.gnu.avr.deviceinfo
                0x00000000       0x3c
 .note.gnu.avr.deviceinfo
                0x00000000       0x3c E:/Program Files/7.0/Packs/atmel/ATmega_DFP/1.7.374/gcc/dev/atmega32/avr5/crtatmega32.o

.note.gnu.build-id
 *(.note.gnu.build-id)

.debug
 *(.debug)

.line
 *(.line)

.debug_srcinfo
 *(.debug_srcinfo)

.debug_sfnames
 *(.debug_sfnames)

.debug_aranges  0x00000000      0x670
 *(.debug_aranges)
 .debug_aranges
                0x00000000       0x60 HAL/LCD/LCD.o
 .debug_aranges
                0x00000060       0x20 main.o
 .debug_aranges
                0x00000080       0x58 MCAL/ADC/ADC.o
 .debug_aranges
                0x000000d8       0x48 MCAL/DIO/DIO.o
 .debug_aranges
                0x00000120       0x90 MCAL/EXT_INT/EXT_INT.o
 .debug_aranges
                0x000001b0       0x50 MCAL/Timer0/Timer0.o
 .debug_aranges
                0x00000200       0xa8 MCAL/Timer1/Timer1.o
 .debug_aranges
                0x000002a8       0x80 MCAL/UART/UART.o
 .debug_aranges
                0x00000328       0x38 UTIL/FreeRTOSTest/OS/src/heap_1.o
 .debug_aranges
                0x00000360       0x40 UTIL/FreeRTOSTest/OS/src/list.o
 .debug_aranges
                0x000003a0       0x50 UTIL/FreeRTOSTest/OS/src/port.o
 .debug_aranges
                0x000003f0       0xe8 UTIL/FreeRTOSTest/OS/src/queue.o
 .debug_aranges
                0x000004d8      0x150 UTIL/FreeRTOSTest/OS/src/tasks.o
 .debug_aranges
                0x00000628       0x48 UTIL/FreeRTOSTest/TestApp.o

.debug_pubnames
 *(.debug_pubnames)

.debug_info     0x00000000     0x5f1f
 *(.debug_info .gnu.linkonce.wi.*)
 .debug_info    0x00000000      0x4e6 E:/Program Files/7.0/Packs/atmel/ATmega_DFP/1.7.374/gcc/dev/atmega32/avr5/crtatmega32.o
 .debug_info    0x000004e6      0xad4 HAL/LCD/LCD.o
 .debug_info    0x00000fba       0xc1 main.o
 .debug_info    0x0000107b      0x1f8 MCAL/ADC/ADC.o
 .debug_info    0x00001273      0x2ac MCAL/DIO/DIO.o
 .debug_info    0x0000151f      0x275 MCAL/EXT_INT/EXT_INT.o
 .debug_info    0x00001794      0x268 MCAL/Timer0/Timer0.o
 .debug_info    0x000019fc      0x388 MCAL/Timer1/Timer1.o
 .debug_info    0x00001d84      0x4a3 MCAL/UART/UART.o
 .debug_info    0x00002227      0x1a4 UTIL/FreeRTOSTest/OS/src/heap_1.o
 .debug_info    0x000023cb      0x2d8 UTIL/FreeRTOSTest/OS/src/list.o
 .debug_info    0x000026a3      0x24e UTIL/FreeRTOSTest/OS/src/port.o
 .debug_info    0x000028f1     0x177f UTIL/FreeRTOSTest/OS/src/queue.o
 .debug_info    0x00004070     0x1991 UTIL/FreeRTOSTest/OS/src/tasks.o
 .debug_info    0x00005a01      0x51e UTIL/FreeRTOSTest/TestApp.o

.debug_abbrev   0x00000000     0x168b
 *(.debug_abbrev)
 .debug_abbrev  0x00000000      0x4a3 E:/Program Files/7.0/Packs/atmel/ATmega_DFP/1.7.374/gcc/dev/atmega32/avr5/crtatmega32.o
 .debug_abbrev  0x000004a3      0x1d8 HAL/LCD/LCD.o
 .debug_abbrev  0x0000067b       0x65 main.o
 .debug_abbrev  0x000006e0      0x12e MCAL/ADC/ADC.o
 .debug_abbrev  0x0000080e       0xbb MCAL/DIO/DIO.o
 .debug_abbrev  0x000008c9       0xe6 MCAL/EXT_INT/EXT_INT.o
 .debug_abbrev  0x000009af      0x111 MCAL/Timer0/Timer0.o
 .debug_abbrev  0x00000ac0      0x11c MCAL/Timer1/Timer1.o
 .debug_abbrev  0x00000bdc      0x19c MCAL/UART/UART.o
 .debug_abbrev  0x00000d78      0x11c UTIL/FreeRTOSTest/OS/src/heap_1.o
 .debug_abbrev  0x00000e94       0xff UTIL/FreeRTOSTest/OS/src/list.o
 .debug_abbrev  0x00000f93      0x143 UTIL/FreeRTOSTest/OS/src/port.o
 .debug_abbrev  0x000010d6      0x227 UTIL/FreeRTOSTest/OS/src/queue.o
 .debug_abbrev  0x000012fd      0x294 UTIL/FreeRTOSTest/OS/src/tasks.o
 .debug_abbrev  0x00001591       0xfa UTIL/FreeRTOSTest/TestApp.o

.debug_line     0x00000000     0x3916
 *(.debug_line .debug_line.* .debug_line_end)
 .debug_line    0x00000000      0x116 E:/Program Files/7.0/Packs/atmel/ATmega_DFP/1.7.374/gcc/dev/atmega32/avr5/crtatmega32.o
 .debug_line    0x00000116      0x442 HAL/LCD/LCD.o
 .debug_line    0x00000558       0x67 main.o
 .debug_line    0x000005bf      0x18f MCAL/ADC/ADC.o
 .debug_line    0x0000074e      0x227 MCAL/DIO/DIO.o
 .debug_line    0x00000975      0x255 MCAL/EXT_INT/EXT_INT.o
 .debug_line    0x00000bca      0x1d3 MCAL/Timer0/Timer0.o
 .debug_line    0x00000d9d      0x2dd MCAL/Timer1/Timer1.o
 .debug_line    0x0000107a      0x3d6 MCAL/UART/UART.o
 .debug_line    0x00001450      0x1bf UTIL/FreeRTOSTest/OS/src/heap_1.o
 .debug_line    0x0000160f      0x1f5 UTIL/FreeRTOSTest/OS/src/list.o
 .debug_line    0x00001804      0x2c2 UTIL/FreeRTOSTest/OS/src/port.o
 .debug_line    0x00001ac6      0xc5f UTIL/FreeRTOSTest/OS/src/queue.o
 .debug_line    0x00002725      0xf8d UTIL/FreeRTOSTest/OS/src/tasks.o
 .debug_line    0x000036b2      0x264 UTIL/FreeRTOSTest/TestApp.o

.debug_frame    0x00000000     0x136c
 *(.debug_frame)
 .debug_frame   0x00000000      0x100 HAL/LCD/LCD.o
 .debug_frame   0x00000100       0x24 main.o
 .debug_frame   0x00000124       0xdc MCAL/ADC/ADC.o
 .debug_frame   0x00000200       0x74 MCAL/DIO/DIO.o
 .debug_frame   0x00000274      0x1dc MCAL/EXT_INT/EXT_INT.o
 .debug_frame   0x00000450      0x10c MCAL/Timer0/Timer0.o
 .debug_frame   0x0000055c      0x20c MCAL/Timer1/Timer1.o
 .debug_frame   0x00000768      0x19c MCAL/UART/UART.o
 .debug_frame   0x00000904       0x60 UTIL/FreeRTOSTest/OS/src/heap_1.o
 .debug_frame   0x00000964       0x88 UTIL/FreeRTOSTest/OS/src/list.o
 .debug_frame   0x000009ec       0x84 UTIL/FreeRTOSTest/OS/src/port.o
 .debug_frame   0x00000a70      0x37c UTIL/FreeRTOSTest/OS/src/queue.o
 .debug_frame   0x00000dec      0x50c UTIL/FreeRTOSTest/OS/src/tasks.o
 .debug_frame   0x000012f8       0x74 UTIL/FreeRTOSTest/TestApp.o

.debug_str      0x00000000     0x1eb8
 *(.debug_str)
 .debug_str     0x00000000      0x196 E:/Program Files/7.0/Packs/atmel/ATmega_DFP/1.7.374/gcc/dev/atmega32/avr5/crtatmega32.o
 .debug_str     0x00000196      0x316 HAL/LCD/LCD.o
                                0x35d (size before relaxing)
 .debug_str     0x000004ac       0x1b main.o
                                0x18a (size before relaxing)
 .debug_str     0x000004c7      0x129 MCAL/ADC/ADC.o
                                0x274 (size before relaxing)
 .debug_str     0x000005f0       0xa0 MCAL/DIO/DIO.o
                                0x271 (size before relaxing)
 .debug_str     0x00000690      0x155 MCAL/EXT_INT/EXT_INT.o
                                0x2a5 (size before relaxing)
 .debug_str     0x000007e5      0x1b0 MCAL/Timer0/Timer0.o
                                0x30d (size before relaxing)
 .debug_str     0x00000995      0x231 MCAL/Timer1/Timer1.o
                                0x38e (size before relaxing)
 .debug_str     0x00000bc6      0x200 MCAL/UART/UART.o
                                0x3a7 (size before relaxing)
 .debug_str     0x00000dc6       0xcf UTIL/FreeRTOSTest/OS/src/heap_1.o
                                0x21c (size before relaxing)
 .debug_str     0x00000e95      0x157 UTIL/FreeRTOSTest/OS/src/list.o
                                0x2ab (size before relaxing)
 .debug_str     0x00000fec      0x12f UTIL/FreeRTOSTest/OS/src/port.o
                                0x2a4 (size before relaxing)
 .debug_str     0x0000111b      0x57e UTIL/FreeRTOSTest/OS/src/queue.o
                                0x818 (size before relaxing)
 .debug_str     0x00001699      0x7be UTIL/FreeRTOSTest/OS/src/tasks.o
                                0xc34 (size before relaxing)
 .debug_str     0x00001e57       0x61 UTIL/FreeRTOSTest/TestApp.o
                                0x2de (size before relaxing)

.debug_loc      0x00000000     0x593e
 *(.debug_loc)
 .debug_loc     0x00000000      0x705 HAL/LCD/LCD.o
 .debug_loc     0x00000705      0x10d MCAL/ADC/ADC.o
 .debug_loc     0x00000812      0x3b5 MCAL/DIO/DIO.o
 .debug_loc     0x00000bc7      0x261 MCAL/EXT_INT/EXT_INT.o
 .debug_loc     0x00000e28      0x275 MCAL/Timer0/Timer0.o
 .debug_loc     0x0000109d      0x261 MCAL/Timer1/Timer1.o
 .debug_loc     0x000012fe      0x530 MCAL/UART/UART.o
 .debug_loc     0x0000182e      0x10f UTIL/FreeRTOSTest/OS/src/heap_1.o
 .debug_loc     0x0000193d      0x145 UTIL/FreeRTOSTest/OS/src/list.o
 .debug_loc     0x00001a82      0x293 UTIL/FreeRTOSTest/OS/src/port.o
 .debug_loc     0x00001d15     0x1ee5 UTIL/FreeRTOSTest/OS/src/queue.o
 .debug_loc     0x00003bfa     0x1d44 UTIL/FreeRTOSTest/OS/src/tasks.o

.debug_macinfo
 *(.debug_macinfo)

.debug_weaknames
 *(.debug_weaknames)

.debug_funcnames
 *(.debug_funcnames)

.debug_typenames
 *(.debug_typenames)

.debug_varnames
 *(.debug_varnames)

.debug_pubtypes
 *(.debug_pubtypes)

.debug_ranges   0x00000000      0x618
 *(.debug_ranges)
 .debug_ranges  0x00000000       0x50 HAL/LCD/LCD.o
 .debug_ranges  0x00000050       0x10 main.o
 .debug_ranges  0x00000060       0x48 MCAL/ADC/ADC.o
 .debug_ranges  0x000000a8       0x38 MCAL/DIO/DIO.o
 .debug_ranges  0x000000e0       0x80 MCAL/EXT_INT/EXT_INT.o
 .debug_ranges  0x00000160       0x40 MCAL/Timer0/Timer0.o
 .debug_ranges  0x000001a0       0x98 MCAL/Timer1/Timer1.o
 .debug_ranges  0x00000238       0x70 MCAL/UART/UART.o
 .debug_ranges  0x000002a8       0x28 UTIL/FreeRTOSTest/OS/src/heap_1.o
 .debug_ranges  0x000002d0       0x30 UTIL/FreeRTOSTest/OS/src/list.o
 .debug_ranges  0x00000300       0x40 UTIL/FreeRTOSTest/OS/src/port.o
 .debug_ranges  0x00000340      0x120 UTIL/FreeRTOSTest/OS/src/queue.o
 .debug_ranges  0x00000460      0x180 UTIL/FreeRTOSTest/OS/src/tasks.o
 .debug_ranges  0x000005e0       0x38 UTIL/FreeRTOSTest/TestApp.o

.debug_macro
 *(.debug_macro)
OUTPUT(main.elf elf32-avr)
LOAD linker stubs
